Using launch settings from /Users/kalanamw/Documents/GitHub/AgriLink-Lanka/backend/AgriLink.API/Properties/launchSettings.json...
Building...
info: Microsoft.EntityFrameworkCore.Database.Command[20101]
      Executed DbCommand (7ms) [Parameters=[], CommandType='Text', CommandTimeout='30']
      SELECT EXISTS (
          SELECT 1
          FROM "Users" AS u)
Database already seeded. Skipping...
info: Microsoft.Hosting.Lifetime[14]
      Now listening on: http://localhost:5189
info: Microsoft.Hosting.Lifetime[0]
      Application started. Press Ctrl+C to shut down.
info: Microsoft.Hosting.Lifetime[0]
      Hosting environment: Development
info: Microsoft.Hosting.Lifetime[0]
      Content root path: /Users/kalanamw/Documents/GitHub/AgriLink-Lanka/backend/AgriLink.API
warn: Microsoft.AspNetCore.HttpsPolicy.HttpsRedirectionMiddleware[3]
      Failed to determine the https port for redirect.
info: Microsoft.EntityFrameworkCore.Database.Command[20101]
      Executed DbCommand (4ms) [Parameters=[@__dto_Email_0='?'], CommandType='Text', CommandTimeout='30']
      SELECT u."Id", u."Address", u."CompanyName", u."CreatedAt", u."District", u."Email", u."FarmerIdProofUrl", u."FullName", u."IsActive", u."IsVerified", u."PasswordHash", u."PhoneNumber", u."ProfileImageUrl", u."Role", u."UpdatedAt"
      FROM "Users" AS u
      WHERE u."Email" = @__dto_Email_0
      LIMIT 1
info: Microsoft.EntityFrameworkCore.Database.Command[20101]
      Executed DbCommand (16ms) [Parameters=[@p0='?' (DbType = Decimal), @p1='?', @p2='?' (DbType = DateTime), @p3='?', @p4='?', @p5='?' (DbType = DateTime), @p6='?' (DbType = Int32), @p7='?', @p8='?' (DbType = DateTime), @p9='?', @p10='?' (DbType = Boolean), @p11='?' (DbType = Decimal), @p12='?', @p13='?', @p14='?' (DbType = DateTime), @p15='?', @p16='?'], CommandType='Text', CommandTimeout='30']
      INSERT INTO "Products" ("AvailableQuantityKg", "CertificationUrl", "CreatedAt", "Description", "District", "ExpiryDate", "FarmerId", "Grade", "HarvestDate", "ImageUrl", "IsOrganic", "PricePerKg", "Status", "Unit", "UpdatedAt", "Variety", "VegetableName")
      VALUES (@p0, @p1, @p2, @p3, @p4, @p5, @p6, @p7, @p8, @p9, @p10, @p11, @p12, @p13, @p14, @p15, @p16)
      RETURNING "Id", "IsExportReady";
info: Microsoft.EntityFrameworkCore.Database.Command[20101]
      Executed DbCommand (1ms) [Parameters=[@__p_0='?' (DbType = Int32)], CommandType='Text', CommandTimeout='30']
      SELECT u."Id", u."Address", u."CompanyName", u."CreatedAt", u."District", u."Email", u."FarmerIdProofUrl", u."FullName", u."IsActive", u."IsVerified", u."PasswordHash", u."PhoneNumber", u."ProfileImageUrl", u."Role", u."UpdatedAt"
      FROM "Users" AS u
      WHERE u."Id" = @__p_0
      LIMIT 1
info: Microsoft.EntityFrameworkCore.Database.Command[20101]
      Executed DbCommand (0ms) [Parameters=[@__dto_Email_0='?'], CommandType='Text', CommandTimeout='30']
      SELECT u."Id", u."Address", u."CompanyName", u."CreatedAt", u."District", u."Email", u."FarmerIdProofUrl", u."FullName", u."IsActive", u."IsVerified", u."PasswordHash", u."PhoneNumber", u."ProfileImageUrl", u."Role", u."UpdatedAt"
      FROM "Users" AS u
      WHERE u."Email" = @__dto_Email_0
      LIMIT 1
info: AgriLink.API.Services.CloudinaryService[0]
      File uploaded successfully to: /uploads/products/54b66870-6070-4501-9905-b365cf8d5a40.jpg
info: Microsoft.EntityFrameworkCore.Database.Command[20101]
      Executed DbCommand (1ms) [Parameters=[@p0='?' (DbType = Decimal), @p1='?', @p2='?' (DbType = DateTime), @p3='?', @p4='?', @p5='?' (DbType = DateTime), @p6='?' (DbType = Int32), @p7='?', @p8='?' (DbType = DateTime), @p9='?', @p10='?' (DbType = Boolean), @p11='?' (DbType = Decimal), @p12='?', @p13='?', @p14='?' (DbType = DateTime), @p15='?', @p16='?'], CommandType='Text', CommandTimeout='30']
      INSERT INTO "Products" ("AvailableQuantityKg", "CertificationUrl", "CreatedAt", "Description", "District", "ExpiryDate", "FarmerId", "Grade", "HarvestDate", "ImageUrl", "IsOrganic", "PricePerKg", "Status", "Unit", "UpdatedAt", "Variety", "VegetableName")
      VALUES (@p0, @p1, @p2, @p3, @p4, @p5, @p6, @p7, @p8, @p9, @p10, @p11, @p12, @p13, @p14, @p15, @p16)
      RETURNING "Id", "IsExportReady";
info: Microsoft.EntityFrameworkCore.Database.Command[20101]
      Executed DbCommand (0ms) [Parameters=[@__p_0='?' (DbType = Int32)], CommandType='Text', CommandTimeout='30']
      SELECT u."Id", u."Address", u."CompanyName", u."CreatedAt", u."District", u."Email", u."FarmerIdProofUrl", u."FullName", u."IsActive", u."IsVerified", u."PasswordHash", u."PhoneNumber", u."ProfileImageUrl", u."Role", u."UpdatedAt"
      FROM "Users" AS u
      WHERE u."Id" = @__p_0
      LIMIT 1
info: AgriLink.API.Services.CloudinaryService[0]
      File uploaded successfully to: /uploads/products/38d4ffe7-4360-4e0d-aa45-86b4cb95eb36.jpeg
info: Microsoft.EntityFrameworkCore.Database.Command[20101]
      Executed DbCommand (2ms) [Parameters=[@p0='?' (DbType = Decimal), @p1='?', @p2='?' (DbType = DateTime), @p3='?', @p4='?', @p5='?' (DbType = DateTime), @p6='?' (DbType = Int32), @p7='?', @p8='?' (DbType = DateTime), @p9='?', @p10='?' (DbType = Boolean), @p11='?' (DbType = Decimal), @p12='?', @p13='?', @p14='?' (DbType = DateTime), @p15='?', @p16='?'], CommandType='Text', CommandTimeout='30']
      INSERT INTO "Products" ("AvailableQuantityKg", "CertificationUrl", "CreatedAt", "Description", "District", "ExpiryDate", "FarmerId", "Grade", "HarvestDate", "ImageUrl", "IsOrganic", "PricePerKg", "Status", "Unit", "UpdatedAt", "Variety", "VegetableName")
      VALUES (@p0, @p1, @p2, @p3, @p4, @p5, @p6, @p7, @p8, @p9, @p10, @p11, @p12, @p13, @p14, @p15, @p16)
      RETURNING "Id", "IsExportReady";
info: Microsoft.EntityFrameworkCore.Database.Command[20101]
      Executed DbCommand (1ms) [Parameters=[@__p_0='?' (DbType = Int32)], CommandType='Text', CommandTimeout='30']
      SELECT u."Id", u."Address", u."CompanyName", u."CreatedAt", u."District", u."Email", u."FarmerIdProofUrl", u."FullName", u."IsActive", u."IsVerified", u."PasswordHash", u."PhoneNumber", u."ProfileImageUrl", u."Role", u."UpdatedAt"
      FROM "Users" AS u
      WHERE u."Id" = @__p_0
      LIMIT 1
info: Microsoft.EntityFrameworkCore.Database.Command[20101]
      Executed DbCommand (1ms) [Parameters=[@__p_0='?' (DbType = Int32)], CommandType='Text', CommandTimeout='30']
      SELECT u."Id", u."Address", u."CompanyName", u."CreatedAt", u."District", u."Email", u."FarmerIdProofUrl", u."FullName", u."IsActive", u."IsVerified", u."PasswordHash", u."PhoneNumber", u."ProfileImageUrl", u."Role", u."UpdatedAt"
      FROM "Users" AS u
      WHERE u."Id" = @__p_0
      LIMIT 1
info: AgriLink.API.Services.CloudinaryService[0]
      File uploaded successfully to: /uploads/products/26abf451-53e5-493f-ab5b-8a4140ecbe80.jpeg
info: Microsoft.EntityFrameworkCore.Database.Command[20101]
      Executed DbCommand (2ms) [Parameters=[@p0='?' (DbType = Decimal), @p1='?', @p2='?' (DbType = DateTime), @p3='?', @p4='?', @p5='?' (DbType = DateTime), @p6='?' (DbType = Int32), @p7='?', @p8='?' (DbType = DateTime), @p9='?', @p10='?' (DbType = Boolean), @p11='?' (DbType = Decimal), @p12='?', @p13='?', @p14='?' (DbType = DateTime), @p15='?', @p16='?'], CommandType='Text', CommandTimeout='30']
      INSERT INTO "Products" ("AvailableQuantityKg", "CertificationUrl", "CreatedAt", "Description", "District", "ExpiryDate", "FarmerId", "Grade", "HarvestDate", "ImageUrl", "IsOrganic", "PricePerKg", "Status", "Unit", "UpdatedAt", "Variety", "VegetableName")
      VALUES (@p0, @p1, @p2, @p3, @p4, @p5, @p6, @p7, @p8, @p9, @p10, @p11, @p12, @p13, @p14, @p15, @p16)
      RETURNING "Id", "IsExportReady";
info: Microsoft.EntityFrameworkCore.Database.Command[20101]
      Executed DbCommand (1ms) [Parameters=[@__p_0='?' (DbType = Int32)], CommandType='Text', CommandTimeout='30']
      SELECT u."Id", u."Address", u."CompanyName", u."CreatedAt", u."District", u."Email", u."FarmerIdProofUrl", u."FullName", u."IsActive", u."IsVerified", u."PasswordHash", u."PhoneNumber", u."ProfileImageUrl", u."Role", u."UpdatedAt"
      FROM "Users" AS u
      WHERE u."Id" = @__p_0
      LIMIT 1
info: Microsoft.EntityFrameworkCore.Database.Command[20101]
      Executed DbCommand (4ms) [Parameters=[@__p_0='?' (DbType = Int32)], CommandType='Text', CommandTimeout='30']
      SELECT u."Id", u."Address", u."CompanyName", u."CreatedAt", u."District", u."Email", u."FarmerIdProofUrl", u."FullName", u."IsActive", u."IsVerified", u."PasswordHash", u."PhoneNumber", u."ProfileImageUrl", u."Role", u."UpdatedAt"
      FROM "Users" AS u
      WHERE u."Id" = @__p_0
      LIMIT 1
info: Microsoft.EntityFrameworkCore.Database.Command[20101]
      Executed DbCommand (1ms) [Parameters=[@__p_0='?' (DbType = Int32)], CommandType='Text', CommandTimeout='30']
      SELECT u."Id", u."Address", u."CompanyName", u."CreatedAt", u."District", u."Email", u."FarmerIdProofUrl", u."FullName", u."IsActive", u."IsVerified", u."PasswordHash", u."PhoneNumber", u."ProfileImageUrl", u."Role", u."UpdatedAt"
      FROM "Users" AS u
      WHERE u."Id" = @__p_0
      LIMIT 1
info: Microsoft.EntityFrameworkCore.Database.Command[20101]
      Executed DbCommand (2ms) [Parameters=[@__userId_0='?' (DbType = Int32)], CommandType='Text', CommandTimeout='30']
      SELECT p."Id", p."AvailableQuantityKg", p."CertificationUrl", p."CreatedAt", p."Description", p."District", p."ExpiryDate", p."FarmerId", p."Grade", p."HarvestDate", p."ImageUrl", p."IsExportReady", p."IsOrganic", p."PricePerKg", p."Status", p."Unit", p."UpdatedAt", p."Variety", p."VegetableName", u."Id", u."Address", u."CompanyName", u."CreatedAt", u."District", u."Email", u."FarmerIdProofUrl", u."FullName", u."IsActive", u."IsVerified", u."PasswordHash", u."PhoneNumber", u."ProfileImageUrl", u."Role", u."UpdatedAt"
      FROM "Products" AS p
      INNER JOIN "Users" AS u ON p."FarmerId" = u."Id"
      WHERE p."FarmerId" = @__userId_0
      ORDER BY p."CreatedAt" DESC
info: Microsoft.EntityFrameworkCore.Database.Command[20101]
      Executed DbCommand (1ms) [Parameters=[@__userId_0='?' (DbType = Int32)], CommandType='Text', CommandTimeout='30']
      SELECT p."Id", p."AvailableQuantityKg", p."CertificationUrl", p."CreatedAt", p."Description", p."District", p."ExpiryDate", p."FarmerId", p."Grade", p."HarvestDate", p."ImageUrl", p."IsExportReady", p."IsOrganic", p."PricePerKg", p."Status", p."Unit", p."UpdatedAt", p."Variety", p."VegetableName", u."Id", u."Address", u."CompanyName", u."CreatedAt", u."District", u."Email", u."FarmerIdProofUrl", u."FullName", u."IsActive", u."IsVerified", u."PasswordHash", u."PhoneNumber", u."ProfileImageUrl", u."Role", u."UpdatedAt"
      FROM "Products" AS p
      INNER JOIN "Users" AS u ON p."FarmerId" = u."Id"
      WHERE p."FarmerId" = @__userId_0
      ORDER BY p."CreatedAt" DESC
info: Microsoft.EntityFrameworkCore.Database.Command[20101]
      Executed DbCommand (2ms) [Parameters=[@__dto_Email_0='?'], CommandType='Text', CommandTimeout='30']
      SELECT u."Id", u."Address", u."CompanyName", u."CreatedAt", u."District", u."Email", u."FarmerIdProofUrl", u."FullName", u."IsActive", u."IsVerified", u."PasswordHash", u."PhoneNumber", u."ProfileImageUrl", u."Role", u."UpdatedAt"
      FROM "Users" AS u
      WHERE u."Email" = @__dto_Email_0
      LIMIT 1
info: Microsoft.EntityFrameworkCore.Database.Command[20101]
      Executed DbCommand (1ms) [Parameters=[@__dto_Email_0='?'], CommandType='Text', CommandTimeout='30']
      SELECT u."Id", u."Address", u."CompanyName", u."CreatedAt", u."District", u."Email", u."FarmerIdProofUrl", u."FullName", u."IsActive", u."IsVerified", u."PasswordHash", u."PhoneNumber", u."ProfileImageUrl", u."Role", u."UpdatedAt"
      FROM "Users" AS u
      WHERE u."Email" = @__dto_Email_0
      LIMIT 1
info: Microsoft.EntityFrameworkCore.Database.Command[20101]
      Executed DbCommand (2ms) [Parameters=[@__userId_0='?' (DbType = Int32)], CommandType='Text', CommandTimeout='30']
      SELECT p."Id", p."AvailableQuantityKg", p."CertificationUrl", p."CreatedAt", p."Description", p."District", p."ExpiryDate", p."FarmerId", p."Grade", p."HarvestDate", p."ImageUrl", p."IsExportReady", p."IsOrganic", p."PricePerKg", p."Status", p."Unit", p."UpdatedAt", p."Variety", p."VegetableName", u."Id", u."Address", u."CompanyName", u."CreatedAt", u."District", u."Email", u."FarmerIdProofUrl", u."FullName", u."IsActive", u."IsVerified", u."PasswordHash", u."PhoneNumber", u."ProfileImageUrl", u."Role", u."UpdatedAt"
      FROM "Products" AS p
      INNER JOIN "Users" AS u ON p."FarmerId" = u."Id"
      WHERE p."FarmerId" = @__userId_0
      ORDER BY p."CreatedAt" DESC
info: Microsoft.EntityFrameworkCore.Database.Command[20101]
      Executed DbCommand (0ms) [Parameters=[@__userId_0='?' (DbType = Int32)], CommandType='Text', CommandTimeout='30']
      SELECT p."Id", p."AvailableQuantityKg", p."CertificationUrl", p."CreatedAt", p."Description", p."District", p."ExpiryDate", p."FarmerId", p."Grade", p."HarvestDate", p."ImageUrl", p."IsExportReady", p."IsOrganic", p."PricePerKg", p."Status", p."Unit", p."UpdatedAt", p."Variety", p."VegetableName", u."Id", u."Address", u."CompanyName", u."CreatedAt", u."District", u."Email", u."FarmerIdProofUrl", u."FullName", u."IsActive", u."IsVerified", u."PasswordHash", u."PhoneNumber", u."ProfileImageUrl", u."Role", u."UpdatedAt"
      FROM "Products" AS p
      INNER JOIN "Users" AS u ON p."FarmerId" = u."Id"
      WHERE p."FarmerId" = @__userId_0
      ORDER BY p."CreatedAt" DESC
info: Microsoft.EntityFrameworkCore.Database.Command[20101]
      Executed DbCommand (3ms) [Parameters=[@__userId_0='?' (DbType = Int32)], CommandType='Text', CommandTimeout='30']
      SELECT p."Id", p."AvailableQuantityKg", p."CertificationUrl", p."CreatedAt", p."Description", p."District", p."ExpiryDate", p."FarmerId", p."Grade", p."HarvestDate", p."ImageUrl", p."IsExportReady", p."IsOrganic", p."PricePerKg", p."Status", p."Unit", p."UpdatedAt", p."Variety", p."VegetableName", u."Id", u."Address", u."CompanyName", u."CreatedAt", u."District", u."Email", u."FarmerIdProofUrl", u."FullName", u."IsActive", u."IsVerified", u."PasswordHash", u."PhoneNumber", u."ProfileImageUrl", u."Role", u."UpdatedAt"
      FROM "Products" AS p
      INNER JOIN "Users" AS u ON p."FarmerId" = u."Id"
      WHERE p."FarmerId" = @__userId_0
      ORDER BY p."CreatedAt" DESC
info: Microsoft.EntityFrameworkCore.Database.Command[20101]
      Executed DbCommand (1ms) [Parameters=[@__p_0='?' (DbType = Int32)], CommandType='Text', CommandTimeout='30']
      SELECT u."Id", u."Address", u."CompanyName", u."CreatedAt", u."District", u."Email", u."FarmerIdProofUrl", u."FullName", u."IsActive", u."IsVerified", u."PasswordHash", u."PhoneNumber", u."ProfileImageUrl", u."Role", u."UpdatedAt"
      FROM "Users" AS u
      WHERE u."Id" = @__p_0
      LIMIT 1
info: Microsoft.EntityFrameworkCore.Database.Command[20101]
      Executed DbCommand (3ms) [Parameters=[@__p_0='?' (DbType = Int32)], CommandType='Text', CommandTimeout='30']
      SELECT u."Id", u."Address", u."CompanyName", u."CreatedAt", u."District", u."Email", u."FarmerIdProofUrl", u."FullName", u."IsActive", u."IsVerified", u."PasswordHash", u."PhoneNumber", u."ProfileImageUrl", u."Role", u."UpdatedAt"
      FROM "Users" AS u
      WHERE u."Id" = @__p_0
      LIMIT 1
info: Microsoft.EntityFrameworkCore.Database.Command[20101]
      Executed DbCommand (0ms) [Parameters=[@__p_0='?' (DbType = Int32)], CommandType='Text', CommandTimeout='30']
      SELECT u."Id", u."Address", u."CompanyName", u."CreatedAt", u."District", u."Email", u."FarmerIdProofUrl", u."FullName", u."IsActive", u."IsVerified", u."PasswordHash", u."PhoneNumber", u."ProfileImageUrl", u."Role", u."UpdatedAt"
      FROM "Users" AS u
      WHERE u."Id" = @__p_0
      LIMIT 1
info: Microsoft.EntityFrameworkCore.Database.Command[20101]
      Executed DbCommand (1ms) [Parameters=[@__p_0='?' (DbType = Int32)], CommandType='Text', CommandTimeout='30']
      SELECT u."Id", u."Address", u."CompanyName", u."CreatedAt", u."District", u."Email", u."FarmerIdProofUrl", u."FullName", u."IsActive", u."IsVerified", u."PasswordHash", u."PhoneNumber", u."ProfileImageUrl", u."Role", u."UpdatedAt"
      FROM "Users" AS u
      WHERE u."Id" = @__p_0
      LIMIT 1
info: Microsoft.EntityFrameworkCore.Database.Command[20101]
      Executed DbCommand (1ms) [Parameters=[@__p_0='?' (DbType = Int32)], CommandType='Text', CommandTimeout='30']
      SELECT u."Id", u."Address", u."CompanyName", u."CreatedAt", u."District", u."Email", u."FarmerIdProofUrl", u."FullName", u."IsActive", u."IsVerified", u."PasswordHash", u."PhoneNumber", u."ProfileImageUrl", u."Role", u."UpdatedAt"
      FROM "Users" AS u
      WHERE u."Id" = @__p_0
      LIMIT 1
info: Microsoft.EntityFrameworkCore.Database.Command[20101]
      Executed DbCommand (2ms) [Parameters=[@__userId_0='?' (DbType = Int32)], CommandType='Text', CommandTimeout='30']
      SELECT p."Id", p."AvailableQuantityKg", p."CertificationUrl", p."CreatedAt", p."Description", p."District", p."ExpiryDate", p."FarmerId", p."Grade", p."HarvestDate", p."ImageUrl", p."IsExportReady", p."IsOrganic", p."PricePerKg", p."Status", p."Unit", p."UpdatedAt", p."Variety", p."VegetableName", u."Id", u."Address", u."CompanyName", u."CreatedAt", u."District", u."Email", u."FarmerIdProofUrl", u."FullName", u."IsActive", u."IsVerified", u."PasswordHash", u."PhoneNumber", u."ProfileImageUrl", u."Role", u."UpdatedAt"
      FROM "Products" AS p
      INNER JOIN "Users" AS u ON p."FarmerId" = u."Id"
      WHERE p."FarmerId" = @__userId_0
      ORDER BY p."CreatedAt" DESC
info: Microsoft.EntityFrameworkCore.Database.Command[20101]
      Executed DbCommand (1ms) [Parameters=[@__userId_0='?' (DbType = Int32)], CommandType='Text', CommandTimeout='30']
      SELECT p."Id", p."AvailableQuantityKg", p."CertificationUrl", p."CreatedAt", p."Description", p."District", p."ExpiryDate", p."FarmerId", p."Grade", p."HarvestDate", p."ImageUrl", p."IsExportReady", p."IsOrganic", p."PricePerKg", p."Status", p."Unit", p."UpdatedAt", p."Variety", p."VegetableName", u."Id", u."Address", u."CompanyName", u."CreatedAt", u."District", u."Email", u."FarmerIdProofUrl", u."FullName", u."IsActive", u."IsVerified", u."PasswordHash", u."PhoneNumber", u."ProfileImageUrl", u."Role", u."UpdatedAt"
      FROM "Products" AS p
      INNER JOIN "Users" AS u ON p."FarmerId" = u."Id"
      WHERE p."FarmerId" = @__userId_0
      ORDER BY p."CreatedAt" DESC
info: Microsoft.EntityFrameworkCore.Database.Command[20101]
      Executed DbCommand (6ms) [Parameters=[@__dto_Email_0='?'], CommandType='Text', CommandTimeout='30']
      SELECT u."Id", u."Address", u."CompanyName", u."CreatedAt", u."District", u."Email", u."FarmerIdProofUrl", u."FullName", u."IsActive", u."IsVerified", u."PasswordHash", u."PhoneNumber", u."ProfileImageUrl", u."Role", u."UpdatedAt"
      FROM "Users" AS u
      WHERE u."Email" = @__dto_Email_0
      LIMIT 1
info: Microsoft.EntityFrameworkCore.Database.Command[20101]
      Executed DbCommand (2ms) [Parameters=[], CommandType='Text', CommandTimeout='30']
      SELECT p."Id", p."AvailableQuantityKg", p."CertificationUrl", p."CreatedAt", p."Description", p."District", p."ExpiryDate", p."FarmerId", p."Grade", p."HarvestDate", p."ImageUrl", p."IsExportReady", p."IsOrganic", p."PricePerKg", p."Status", p."Unit", p."UpdatedAt", p."Variety", p."VegetableName", u."Id", u."Address", u."CompanyName", u."CreatedAt", u."District", u."Email", u."FarmerIdProofUrl", u."FullName", u."IsActive", u."IsVerified", u."PasswordHash", u."PhoneNumber", u."ProfileImageUrl", u."Role", u."UpdatedAt"
      FROM "Products" AS p
      INNER JOIN "Users" AS u ON p."FarmerId" = u."Id"
      WHERE p."Status" = 'Pending'
      ORDER BY p."CreatedAt"
info: Microsoft.EntityFrameworkCore.Database.Command[20101]
      Executed DbCommand (1ms) [Parameters=[], CommandType='Text', CommandTimeout='30']
      SELECT p."Id", p."AvailableQuantityKg", p."CertificationUrl", p."CreatedAt", p."Description", p."District", p."ExpiryDate", p."FarmerId", p."Grade", p."HarvestDate", p."ImageUrl", p."IsExportReady", p."IsOrganic", p."PricePerKg", p."Status", p."Unit", p."UpdatedAt", p."Variety", p."VegetableName", u."Id", u."Address", u."CompanyName", u."CreatedAt", u."District", u."Email", u."FarmerIdProofUrl", u."FullName", u."IsActive", u."IsVerified", u."PasswordHash", u."PhoneNumber", u."ProfileImageUrl", u."Role", u."UpdatedAt"
      FROM "Products" AS p
      INNER JOIN "Users" AS u ON p."FarmerId" = u."Id"
      WHERE p."Status" = 'Pending'
      ORDER BY p."CreatedAt"
info: Microsoft.EntityFrameworkCore.Database.Command[20101]
      Executed DbCommand (5ms) [Parameters=[], CommandType='Text', CommandTimeout='30']
      SELECT count(*)::int
      FROM "Products" AS p
info: Microsoft.EntityFrameworkCore.Database.Command[20101]
      Executed DbCommand (1ms) [Parameters=[@__p_1='?' (DbType = Int32), @__p_0='?' (DbType = Int32)], CommandType='Text', CommandTimeout='30']
      SELECT p0."Id", p0."AvailableQuantityKg", p0."CertificationUrl", p0."CreatedAt", p0."Description", p0."District", p0."ExpiryDate", p0."FarmerId", p0."Grade", p0."HarvestDate", p0."ImageUrl", p0."IsExportReady", p0."IsOrganic", p0."PricePerKg", p0."Status", p0."Unit", p0."UpdatedAt", p0."Variety", p0."VegetableName", u."Id", u."Address", u."CompanyName", u."CreatedAt", u."District", u."Email", u."FarmerIdProofUrl", u."FullName", u."IsActive", u."IsVerified", u."PasswordHash", u."PhoneNumber", u."ProfileImageUrl", u."Role", u."UpdatedAt"
      FROM (
          SELECT p."Id", p."AvailableQuantityKg", p."CertificationUrl", p."CreatedAt", p."Description", p."District", p."ExpiryDate", p."FarmerId", p."Grade", p."HarvestDate", p."ImageUrl", p."IsExportReady", p."IsOrganic", p."PricePerKg", p."Status", p."Unit", p."UpdatedAt", p."Variety", p."VegetableName"
          FROM "Products" AS p
          ORDER BY p."CreatedAt" DESC
          LIMIT @__p_1 OFFSET @__p_0
      ) AS p0
      INNER JOIN "Users" AS u ON p0."FarmerId" = u."Id"
      ORDER BY p0."CreatedAt" DESC
info: Microsoft.EntityFrameworkCore.Database.Command[20101]
      Executed DbCommand (0ms) [Parameters=[], CommandType='Text', CommandTimeout='30']
      SELECT count(*)::int
      FROM "Products" AS p
info: Microsoft.EntityFrameworkCore.Database.Command[20101]
      Executed DbCommand (1ms) [Parameters=[@__p_1='?' (DbType = Int32), @__p_0='?' (DbType = Int32)], CommandType='Text', CommandTimeout='30']
      SELECT p0."Id", p0."AvailableQuantityKg", p0."CertificationUrl", p0."CreatedAt", p0."Description", p0."District", p0."ExpiryDate", p0."FarmerId", p0."Grade", p0."HarvestDate", p0."ImageUrl", p0."IsExportReady", p0."IsOrganic", p0."PricePerKg", p0."Status", p0."Unit", p0."UpdatedAt", p0."Variety", p0."VegetableName", u."Id", u."Address", u."CompanyName", u."CreatedAt", u."District", u."Email", u."FarmerIdProofUrl", u."FullName", u."IsActive", u."IsVerified", u."PasswordHash", u."PhoneNumber", u."ProfileImageUrl", u."Role", u."UpdatedAt"
      FROM (
          SELECT p."Id", p."AvailableQuantityKg", p."CertificationUrl", p."CreatedAt", p."Description", p."District", p."ExpiryDate", p."FarmerId", p."Grade", p."HarvestDate", p."ImageUrl", p."IsExportReady", p."IsOrganic", p."PricePerKg", p."Status", p."Unit", p."UpdatedAt", p."Variety", p."VegetableName"
          FROM "Products" AS p
          ORDER BY p."CreatedAt" DESC
          LIMIT @__p_1 OFFSET @__p_0
      ) AS p0
      INNER JOIN "Users" AS u ON p0."FarmerId" = u."Id"
      ORDER BY p0."CreatedAt" DESC
info: Microsoft.EntityFrameworkCore.Database.Command[20101]
      Executed DbCommand (1ms) [Parameters=[], CommandType='Text', CommandTimeout='30']
      SELECT p."Id", p."AvailableQuantityKg", p."CertificationUrl", p."CreatedAt", p."Description", p."District", p."ExpiryDate", p."FarmerId", p."Grade", p."HarvestDate", p."ImageUrl", p."IsExportReady", p."IsOrganic", p."PricePerKg", p."Status", p."Unit", p."UpdatedAt", p."Variety", p."VegetableName", u."Id", u."Address", u."CompanyName", u."CreatedAt", u."District", u."Email", u."FarmerIdProofUrl", u."FullName", u."IsActive", u."IsVerified", u."PasswordHash", u."PhoneNumber", u."ProfileImageUrl", u."Role", u."UpdatedAt"
      FROM "Products" AS p
      INNER JOIN "Users" AS u ON p."FarmerId" = u."Id"
      WHERE p."Status" = 'Pending'
      ORDER BY p."CreatedAt"
info: Microsoft.EntityFrameworkCore.Database.Command[20101]
      Executed DbCommand (2ms) [Parameters=[], CommandType='Text', CommandTimeout='30']
      SELECT count(*)::int
      FROM "Products" AS p
info: Microsoft.EntityFrameworkCore.Database.Command[20101]
      Executed DbCommand (2ms) [Parameters=[@__p_0='?' (DbType = Int32)], CommandType='Text', CommandTimeout='30']
      SELECT u."Id", u."Address", u."CompanyName", u."CreatedAt", u."District", u."Email", u."FarmerIdProofUrl", u."FullName", u."IsActive", u."IsVerified", u."PasswordHash", u."PhoneNumber", u."ProfileImageUrl", u."Role", u."UpdatedAt"
      FROM "Users" AS u
      WHERE u."Id" = @__p_0
      LIMIT 1
info: Microsoft.EntityFrameworkCore.Database.Command[20101]
      Executed DbCommand (1ms) [Parameters=[@__p_1='?' (DbType = Int32), @__p_0='?' (DbType = Int32)], CommandType='Text', CommandTimeout='30']
      SELECT p0."Id", p0."AvailableQuantityKg", p0."CertificationUrl", p0."CreatedAt", p0."Description", p0."District", p0."ExpiryDate", p0."FarmerId", p0."Grade", p0."HarvestDate", p0."ImageUrl", p0."IsExportReady", p0."IsOrganic", p0."PricePerKg", p0."Status", p0."Unit", p0."UpdatedAt", p0."Variety", p0."VegetableName", u."Id", u."Address", u."CompanyName", u."CreatedAt", u."District", u."Email", u."FarmerIdProofUrl", u."FullName", u."IsActive", u."IsVerified", u."PasswordHash", u."PhoneNumber", u."ProfileImageUrl", u."Role", u."UpdatedAt"
      FROM (
          SELECT p."Id", p."AvailableQuantityKg", p."CertificationUrl", p."CreatedAt", p."Description", p."District", p."ExpiryDate", p."FarmerId", p."Grade", p."HarvestDate", p."ImageUrl", p."IsExportReady", p."IsOrganic", p."PricePerKg", p."Status", p."Unit", p."UpdatedAt", p."Variety", p."VegetableName"
          FROM "Products" AS p
          ORDER BY p."CreatedAt" DESC
          LIMIT @__p_1 OFFSET @__p_0
      ) AS p0
      INNER JOIN "Users" AS u ON p0."FarmerId" = u."Id"
      ORDER BY p0."CreatedAt" DESC
info: Microsoft.EntityFrameworkCore.Database.Command[20101]
      Executed DbCommand (2ms) [Parameters=[], CommandType='Text', CommandTimeout='30']
      SELECT count(*)::int
      FROM "Products" AS p
info: Microsoft.EntityFrameworkCore.Database.Command[20101]
      Executed DbCommand (2ms) [Parameters=[@__p_0='?' (DbType = Int32)], CommandType='Text', CommandTimeout='30']
      SELECT u."Id", u."Address", u."CompanyName", u."CreatedAt", u."District", u."Email", u."FarmerIdProofUrl", u."FullName", u."IsActive", u."IsVerified", u."PasswordHash", u."PhoneNumber", u."ProfileImageUrl", u."Role", u."UpdatedAt"
      FROM "Users" AS u
      WHERE u."Id" = @__p_0
      LIMIT 1
info: Microsoft.EntityFrameworkCore.Database.Command[20101]
      Executed DbCommand (2ms) [Parameters=[], CommandType='Text', CommandTimeout='30']
      SELECT p."Id", p."AvailableQuantityKg", p."CertificationUrl", p."CreatedAt", p."Description", p."District", p."ExpiryDate", p."FarmerId", p."Grade", p."HarvestDate", p."ImageUrl", p."IsExportReady", p."IsOrganic", p."PricePerKg", p."Status", p."Unit", p."UpdatedAt", p."Variety", p."VegetableName", u."Id", u."Address", u."CompanyName", u."CreatedAt", u."District", u."Email", u."FarmerIdProofUrl", u."FullName", u."IsActive", u."IsVerified", u."PasswordHash", u."PhoneNumber", u."ProfileImageUrl", u."Role", u."UpdatedAt"
      FROM "Products" AS p
      INNER JOIN "Users" AS u ON p."FarmerId" = u."Id"
      WHERE p."Status" = 'Pending'
      ORDER BY p."CreatedAt"
info: Microsoft.EntityFrameworkCore.Database.Command[20101]
      Executed DbCommand (1ms) [Parameters=[@__p_1='?' (DbType = Int32), @__p_0='?' (DbType = Int32)], CommandType='Text', CommandTimeout='30']
      SELECT p0."Id", p0."AvailableQuantityKg", p0."CertificationUrl", p0."CreatedAt", p0."Description", p0."District", p0."ExpiryDate", p0."FarmerId", p0."Grade", p0."HarvestDate", p0."ImageUrl", p0."IsExportReady", p0."IsOrganic", p0."PricePerKg", p0."Status", p0."Unit", p0."UpdatedAt", p0."Variety", p0."VegetableName", u."Id", u."Address", u."CompanyName", u."CreatedAt", u."District", u."Email", u."FarmerIdProofUrl", u."FullName", u."IsActive", u."IsVerified", u."PasswordHash", u."PhoneNumber", u."ProfileImageUrl", u."Role", u."UpdatedAt"
      FROM (
          SELECT p."Id", p."AvailableQuantityKg", p."CertificationUrl", p."CreatedAt", p."Description", p."District", p."ExpiryDate", p."FarmerId", p."Grade", p."HarvestDate", p."ImageUrl", p."IsExportReady", p."IsOrganic", p."PricePerKg", p."Status", p."Unit", p."UpdatedAt", p."Variety", p."VegetableName"
          FROM "Products" AS p
          ORDER BY p."CreatedAt" DESC
          LIMIT @__p_1 OFFSET @__p_0
      ) AS p0
      INNER JOIN "Users" AS u ON p0."FarmerId" = u."Id"
      ORDER BY p0."CreatedAt" DESC
info: Microsoft.EntityFrameworkCore.Database.Command[20101]
      Executed DbCommand (0ms) [Parameters=[], CommandType='Text', CommandTimeout='30']
      SELECT count(*)::int
      FROM "Products" AS p
info: Microsoft.EntityFrameworkCore.Database.Command[20101]
      Executed DbCommand (1ms) [Parameters=[@__p_0='?' (DbType = Int32)], CommandType='Text', CommandTimeout='30']
      SELECT u."Id", u."Address", u."CompanyName", u."CreatedAt", u."District", u."Email", u."FarmerIdProofUrl", u."FullName", u."IsActive", u."IsVerified", u."PasswordHash", u."PhoneNumber", u."ProfileImageUrl", u."Role", u."UpdatedAt"
      FROM "Users" AS u
      WHERE u."Id" = @__p_0
      LIMIT 1
info: Microsoft.EntityFrameworkCore.Database.Command[20101]
      Executed DbCommand (0ms) [Parameters=[@__p_1='?' (DbType = Int32), @__p_0='?' (DbType = Int32)], CommandType='Text', CommandTimeout='30']
      SELECT p0."Id", p0."AvailableQuantityKg", p0."CertificationUrl", p0."CreatedAt", p0."Description", p0."District", p0."ExpiryDate", p0."FarmerId", p0."Grade", p0."HarvestDate", p0."ImageUrl", p0."IsExportReady", p0."IsOrganic", p0."PricePerKg", p0."Status", p0."Unit", p0."UpdatedAt", p0."Variety", p0."VegetableName", u."Id", u."Address", u."CompanyName", u."CreatedAt", u."District", u."Email", u."FarmerIdProofUrl", u."FullName", u."IsActive", u."IsVerified", u."PasswordHash", u."PhoneNumber", u."ProfileImageUrl", u."Role", u."UpdatedAt"
      FROM (
          SELECT p."Id", p."AvailableQuantityKg", p."CertificationUrl", p."CreatedAt", p."Description", p."District", p."ExpiryDate", p."FarmerId", p."Grade", p."HarvestDate", p."ImageUrl", p."IsExportReady", p."IsOrganic", p."PricePerKg", p."Status", p."Unit", p."UpdatedAt", p."Variety", p."VegetableName"
          FROM "Products" AS p
          ORDER BY p."CreatedAt" DESC
          LIMIT @__p_1 OFFSET @__p_0
      ) AS p0
      INNER JOIN "Users" AS u ON p0."FarmerId" = u."Id"
      ORDER BY p0."CreatedAt" DESC
info: Microsoft.EntityFrameworkCore.Database.Command[20101]
      Executed DbCommand (2ms) [Parameters=[], CommandType='Text', CommandTimeout='30']
      SELECT p."Id", p."AvailableQuantityKg", p."CertificationUrl", p."CreatedAt", p."Description", p."District", p."ExpiryDate", p."FarmerId", p."Grade", p."HarvestDate", p."ImageUrl", p."IsExportReady", p."IsOrganic", p."PricePerKg", p."Status", p."Unit", p."UpdatedAt", p."Variety", p."VegetableName", u."Id", u."Address", u."CompanyName", u."CreatedAt", u."District", u."Email", u."FarmerIdProofUrl", u."FullName", u."IsActive", u."IsVerified", u."PasswordHash", u."PhoneNumber", u."ProfileImageUrl", u."Role", u."UpdatedAt"
      FROM "Products" AS p
      INNER JOIN "Users" AS u ON p."FarmerId" = u."Id"
      WHERE p."Status" = 'Pending'
      ORDER BY p."CreatedAt"
info: Microsoft.EntityFrameworkCore.Database.Command[20101]
      Executed DbCommand (0ms) [Parameters=[@__p_0='?' (DbType = Int32)], CommandType='Text', CommandTimeout='30']
      SELECT u."Id", u."Address", u."CompanyName", u."CreatedAt", u."District", u."Email", u."FarmerIdProofUrl", u."FullName", u."IsActive", u."IsVerified", u."PasswordHash", u."PhoneNumber", u."ProfileImageUrl", u."Role", u."UpdatedAt"
      FROM "Users" AS u
      WHERE u."Id" = @__p_0
      LIMIT 1
info: Microsoft.EntityFrameworkCore.Database.Command[20101]
      Executed DbCommand (0ms) [Parameters=[], CommandType='Text', CommandTimeout='30']
      SELECT count(*)::int
      FROM "Products" AS p
info: Microsoft.EntityFrameworkCore.Database.Command[20101]
      Executed DbCommand (1ms) [Parameters=[], CommandType='Text', CommandTimeout='30']
      SELECT p."Id", p."AvailableQuantityKg", p."CertificationUrl", p."CreatedAt", p."Description", p."District", p."ExpiryDate", p."FarmerId", p."Grade", p."HarvestDate", p."ImageUrl", p."IsExportReady", p."IsOrganic", p."PricePerKg", p."Status", p."Unit", p."UpdatedAt", p."Variety", p."VegetableName", u."Id", u."Address", u."CompanyName", u."CreatedAt", u."District", u."Email", u."FarmerIdProofUrl", u."FullName", u."IsActive", u."IsVerified", u."PasswordHash", u."PhoneNumber", u."ProfileImageUrl", u."Role", u."UpdatedAt"
      FROM "Products" AS p
      INNER JOIN "Users" AS u ON p."FarmerId" = u."Id"
      WHERE p."Status" = 'Pending'
      ORDER BY p."CreatedAt"
info: Microsoft.EntityFrameworkCore.Database.Command[20101]
      Executed DbCommand (1ms) [Parameters=[@__p_1='?' (DbType = Int32), @__p_0='?' (DbType = Int32)], CommandType='Text', CommandTimeout='30']
      SELECT p0."Id", p0."AvailableQuantityKg", p0."CertificationUrl", p0."CreatedAt", p0."Description", p0."District", p0."ExpiryDate", p0."FarmerId", p0."Grade", p0."HarvestDate", p0."ImageUrl", p0."IsExportReady", p0."IsOrganic", p0."PricePerKg", p0."Status", p0."Unit", p0."UpdatedAt", p0."Variety", p0."VegetableName", u."Id", u."Address", u."CompanyName", u."CreatedAt", u."District", u."Email", u."FarmerIdProofUrl", u."FullName", u."IsActive", u."IsVerified", u."PasswordHash", u."PhoneNumber", u."ProfileImageUrl", u."Role", u."UpdatedAt"
      FROM (
          SELECT p."Id", p."AvailableQuantityKg", p."CertificationUrl", p."CreatedAt", p."Description", p."District", p."ExpiryDate", p."FarmerId", p."Grade", p."HarvestDate", p."ImageUrl", p."IsExportReady", p."IsOrganic", p."PricePerKg", p."Status", p."Unit", p."UpdatedAt", p."Variety", p."VegetableName"
          FROM "Products" AS p
          ORDER BY p."CreatedAt" DESC
          LIMIT @__p_1 OFFSET @__p_0
      ) AS p0
      INNER JOIN "Users" AS u ON p0."FarmerId" = u."Id"
      ORDER BY p0."CreatedAt" DESC
info: Microsoft.EntityFrameworkCore.Database.Command[20101]
      Executed DbCommand (0ms) [Parameters=[@__p_0='?' (DbType = Int32)], CommandType='Text', CommandTimeout='30']
      SELECT u."Id", u."Address", u."CompanyName", u."CreatedAt", u."District", u."Email", u."FarmerIdProofUrl", u."FullName", u."IsActive", u."IsVerified", u."PasswordHash", u."PhoneNumber", u."ProfileImageUrl", u."Role", u."UpdatedAt"
      FROM "Users" AS u
      WHERE u."Id" = @__p_0
      LIMIT 1
info: Microsoft.EntityFrameworkCore.Database.Command[20101]
      Executed DbCommand (0ms) [Parameters=[], CommandType='Text', CommandTimeout='30']
      SELECT count(*)::int
      FROM "Products" AS p
info: Microsoft.EntityFrameworkCore.Database.Command[20101]
      Executed DbCommand (1ms) [Parameters=[], CommandType='Text', CommandTimeout='30']
      SELECT p."Id", p."AvailableQuantityKg", p."CertificationUrl", p."CreatedAt", p."Description", p."District", p."ExpiryDate", p."FarmerId", p."Grade", p."HarvestDate", p."ImageUrl", p."IsExportReady", p."IsOrganic", p."PricePerKg", p."Status", p."Unit", p."UpdatedAt", p."Variety", p."VegetableName", u."Id", u."Address", u."CompanyName", u."CreatedAt", u."District", u."Email", u."FarmerIdProofUrl", u."FullName", u."IsActive", u."IsVerified", u."PasswordHash", u."PhoneNumber", u."ProfileImageUrl", u."Role", u."UpdatedAt"
      FROM "Products" AS p
      INNER JOIN "Users" AS u ON p."FarmerId" = u."Id"
      WHERE p."Status" = 'Pending'
      ORDER BY p."CreatedAt"
info: Microsoft.EntityFrameworkCore.Database.Command[20101]
      Executed DbCommand (1ms) [Parameters=[@__p_1='?' (DbType = Int32), @__p_0='?' (DbType = Int32)], CommandType='Text', CommandTimeout='30']
      SELECT p0."Id", p0."AvailableQuantityKg", p0."CertificationUrl", p0."CreatedAt", p0."Description", p0."District", p0."ExpiryDate", p0."FarmerId", p0."Grade", p0."HarvestDate", p0."ImageUrl", p0."IsExportReady", p0."IsOrganic", p0."PricePerKg", p0."Status", p0."Unit", p0."UpdatedAt", p0."Variety", p0."VegetableName", u."Id", u."Address", u."CompanyName", u."CreatedAt", u."District", u."Email", u."FarmerIdProofUrl", u."FullName", u."IsActive", u."IsVerified", u."PasswordHash", u."PhoneNumber", u."ProfileImageUrl", u."Role", u."UpdatedAt"
      FROM (
          SELECT p."Id", p."AvailableQuantityKg", p."CertificationUrl", p."CreatedAt", p."Description", p."District", p."ExpiryDate", p."FarmerId", p."Grade", p."HarvestDate", p."ImageUrl", p."IsExportReady", p."IsOrganic", p."PricePerKg", p."Status", p."Unit", p."UpdatedAt", p."Variety", p."VegetableName"
          FROM "Products" AS p
          ORDER BY p."CreatedAt" DESC
          LIMIT @__p_1 OFFSET @__p_0
      ) AS p0
      INNER JOIN "Users" AS u ON p0."FarmerId" = u."Id"
      ORDER BY p0."CreatedAt" DESC
info: Microsoft.EntityFrameworkCore.Database.Command[20101]
      Executed DbCommand (2ms) [Parameters=[@__p_0='?' (DbType = Int32)], CommandType='Text', CommandTimeout='30']
      SELECT u."Id", u."Address", u."CompanyName", u."CreatedAt", u."District", u."Email", u."FarmerIdProofUrl", u."FullName", u."IsActive", u."IsVerified", u."PasswordHash", u."PhoneNumber", u."ProfileImageUrl", u."Role", u."UpdatedAt"
      FROM "Users" AS u
      WHERE u."Id" = @__p_0
      LIMIT 1
info: Microsoft.EntityFrameworkCore.Database.Command[20101]
      Executed DbCommand (3ms) [Parameters=[], CommandType='Text', CommandTimeout='30']
      SELECT count(*)::int
      FROM "Products" AS p
info: Microsoft.EntityFrameworkCore.Database.Command[20101]
      Executed DbCommand (3ms) [Parameters=[], CommandType='Text', CommandTimeout='30']
      SELECT p."Id", p."AvailableQuantityKg", p."CertificationUrl", p."CreatedAt", p."Description", p."District", p."ExpiryDate", p."FarmerId", p."Grade", p."HarvestDate", p."ImageUrl", p."IsExportReady", p."IsOrganic", p."PricePerKg", p."Status", p."Unit", p."UpdatedAt", p."Variety", p."VegetableName", u."Id", u."Address", u."CompanyName", u."CreatedAt", u."District", u."Email", u."FarmerIdProofUrl", u."FullName", u."IsActive", u."IsVerified", u."PasswordHash", u."PhoneNumber", u."ProfileImageUrl", u."Role", u."UpdatedAt"
      FROM "Products" AS p
      INNER JOIN "Users" AS u ON p."FarmerId" = u."Id"
      WHERE p."Status" = 'Pending'
      ORDER BY p."CreatedAt"
info: Microsoft.EntityFrameworkCore.Database.Command[20101]
      Executed DbCommand (1ms) [Parameters=[@__p_1='?' (DbType = Int32), @__p_0='?' (DbType = Int32)], CommandType='Text', CommandTimeout='30']
      SELECT p0."Id", p0."AvailableQuantityKg", p0."CertificationUrl", p0."CreatedAt", p0."Description", p0."District", p0."ExpiryDate", p0."FarmerId", p0."Grade", p0."HarvestDate", p0."ImageUrl", p0."IsExportReady", p0."IsOrganic", p0."PricePerKg", p0."Status", p0."Unit", p0."UpdatedAt", p0."Variety", p0."VegetableName", u."Id", u."Address", u."CompanyName", u."CreatedAt", u."District", u."Email", u."FarmerIdProofUrl", u."FullName", u."IsActive", u."IsVerified", u."PasswordHash", u."PhoneNumber", u."ProfileImageUrl", u."Role", u."UpdatedAt"
      FROM (
          SELECT p."Id", p."AvailableQuantityKg", p."CertificationUrl", p."CreatedAt", p."Description", p."District", p."ExpiryDate", p."FarmerId", p."Grade", p."HarvestDate", p."ImageUrl", p."IsExportReady", p."IsOrganic", p."PricePerKg", p."Status", p."Unit", p."UpdatedAt", p."Variety", p."VegetableName"
          FROM "Products" AS p
          ORDER BY p."CreatedAt" DESC
          LIMIT @__p_1 OFFSET @__p_0
      ) AS p0
      INNER JOIN "Users" AS u ON p0."FarmerId" = u."Id"
      ORDER BY p0."CreatedAt" DESC
info: Microsoft.EntityFrameworkCore.Database.Command[20101]
      Executed DbCommand (1ms) [Parameters=[@__p_0='?' (DbType = Int32)], CommandType='Text', CommandTimeout='30']
      SELECT p."Id", p."AvailableQuantityKg", p."CertificationUrl", p."CreatedAt", p."Description", p."District", p."ExpiryDate", p."FarmerId", p."Grade", p."HarvestDate", p."ImageUrl", p."IsExportReady", p."IsOrganic", p."PricePerKg", p."Status", p."Unit", p."UpdatedAt", p."Variety", p."VegetableName"
      FROM "Products" AS p
      WHERE p."Id" = @__p_0
      LIMIT 1
info: Microsoft.EntityFrameworkCore.Database.Command[20101]
      Executed DbCommand (7ms) [Parameters=[@p0='?' (DbType = Int32)], CommandType='Text', CommandTimeout='30']
      DELETE FROM "Products"
      WHERE "Id" = @p0;
info: Microsoft.EntityFrameworkCore.Database.Command[20101]
      Executed DbCommand (0ms) [Parameters=[], CommandType='Text', CommandTimeout='30']
      SELECT count(*)::int
      FROM "Products" AS p
info: Microsoft.EntityFrameworkCore.Database.Command[20101]
      Executed DbCommand (0ms) [Parameters=[@__p_1='?' (DbType = Int32), @__p_0='?' (DbType = Int32)], CommandType='Text', CommandTimeout='30']
      SELECT p0."Id", p0."AvailableQuantityKg", p0."CertificationUrl", p0."CreatedAt", p0."Description", p0."District", p0."ExpiryDate", p0."FarmerId", p0."Grade", p0."HarvestDate", p0."ImageUrl", p0."IsExportReady", p0."IsOrganic", p0."PricePerKg", p0."Status", p0."Unit", p0."UpdatedAt", p0."Variety", p0."VegetableName", u."Id", u."Address", u."CompanyName", u."CreatedAt", u."District", u."Email", u."FarmerIdProofUrl", u."FullName", u."IsActive", u."IsVerified", u."PasswordHash", u."PhoneNumber", u."ProfileImageUrl", u."Role", u."UpdatedAt"
      FROM (
          SELECT p."Id", p."AvailableQuantityKg", p."CertificationUrl", p."CreatedAt", p."Description", p."District", p."ExpiryDate", p."FarmerId", p."Grade", p."HarvestDate", p."ImageUrl", p."IsExportReady", p."IsOrganic", p."PricePerKg", p."Status", p."Unit", p."UpdatedAt", p."Variety", p."VegetableName"
          FROM "Products" AS p
          ORDER BY p."CreatedAt" DESC
          LIMIT @__p_1 OFFSET @__p_0
      ) AS p0
      INNER JOIN "Users" AS u ON p0."FarmerId" = u."Id"
      ORDER BY p0."CreatedAt" DESC
info: Microsoft.EntityFrameworkCore.Database.Command[20101]
      Executed DbCommand (1ms) [Parameters=[], CommandType='Text', CommandTimeout='30']
      SELECT p."Id", p."AvailableQuantityKg", p."CertificationUrl", p."CreatedAt", p."Description", p."District", p."ExpiryDate", p."FarmerId", p."Grade", p."HarvestDate", p."ImageUrl", p."IsExportReady", p."IsOrganic", p."PricePerKg", p."Status", p."Unit", p."UpdatedAt", p."Variety", p."VegetableName", u."Id", u."Address", u."CompanyName", u."CreatedAt", u."District", u."Email", u."FarmerIdProofUrl", u."FullName", u."IsActive", u."IsVerified", u."PasswordHash", u."PhoneNumber", u."ProfileImageUrl", u."Role", u."UpdatedAt"
      FROM "Products" AS p
      INNER JOIN "Users" AS u ON p."FarmerId" = u."Id"
      WHERE p."Status" = 'Pending'
      ORDER BY p."CreatedAt"
info: Microsoft.EntityFrameworkCore.Database.Command[20101]
      Executed DbCommand (1ms) [Parameters=[@__p_0='?' (DbType = Int32)], CommandType='Text', CommandTimeout='30']
      SELECT p."Id", p."AvailableQuantityKg", p."CertificationUrl", p."CreatedAt", p."Description", p."District", p."ExpiryDate", p."FarmerId", p."Grade", p."HarvestDate", p."ImageUrl", p."IsExportReady", p."IsOrganic", p."PricePerKg", p."Status", p."Unit", p."UpdatedAt", p."Variety", p."VegetableName"
      FROM "Products" AS p
      WHERE p."Id" = @__p_0
      LIMIT 1
info: Microsoft.EntityFrameworkCore.Database.Command[20101]
      Executed DbCommand (1ms) [Parameters=[@p0='?' (DbType = Int32)], CommandType='Text', CommandTimeout='30']
      DELETE FROM "Products"
      WHERE "Id" = @p0;
info: Microsoft.EntityFrameworkCore.Database.Command[20101]
      Executed DbCommand (1ms) [Parameters=[], CommandType='Text', CommandTimeout='30']
      SELECT count(*)::int
      FROM "Products" AS p
info: Microsoft.EntityFrameworkCore.Database.Command[20101]
      Executed DbCommand (1ms) [Parameters=[], CommandType='Text', CommandTimeout='30']
      SELECT p."Id", p."AvailableQuantityKg", p."CertificationUrl", p."CreatedAt", p."Description", p."District", p."ExpiryDate", p."FarmerId", p."Grade", p."HarvestDate", p."ImageUrl", p."IsExportReady", p."IsOrganic", p."PricePerKg", p."Status", p."Unit", p."UpdatedAt", p."Variety", p."VegetableName", u."Id", u."Address", u."CompanyName", u."CreatedAt", u."District", u."Email", u."FarmerIdProofUrl", u."FullName", u."IsActive", u."IsVerified", u."PasswordHash", u."PhoneNumber", u."ProfileImageUrl", u."Role", u."UpdatedAt"
      FROM "Products" AS p
      INNER JOIN "Users" AS u ON p."FarmerId" = u."Id"
      WHERE p."Status" = 'Pending'
      ORDER BY p."CreatedAt"
info: Microsoft.EntityFrameworkCore.Database.Command[20101]
      Executed DbCommand (1ms) [Parameters=[@__p_1='?' (DbType = Int32), @__p_0='?' (DbType = Int32)], CommandType='Text', CommandTimeout='30']
      SELECT p0."Id", p0."AvailableQuantityKg", p0."CertificationUrl", p0."CreatedAt", p0."Description", p0."District", p0."ExpiryDate", p0."FarmerId", p0."Grade", p0."HarvestDate", p0."ImageUrl", p0."IsExportReady", p0."IsOrganic", p0."PricePerKg", p0."Status", p0."Unit", p0."UpdatedAt", p0."Variety", p0."VegetableName", u."Id", u."Address", u."CompanyName", u."CreatedAt", u."District", u."Email", u."FarmerIdProofUrl", u."FullName", u."IsActive", u."IsVerified", u."PasswordHash", u."PhoneNumber", u."ProfileImageUrl", u."Role", u."UpdatedAt"
      FROM (
          SELECT p."Id", p."AvailableQuantityKg", p."CertificationUrl", p."CreatedAt", p."Description", p."District", p."ExpiryDate", p."FarmerId", p."Grade", p."HarvestDate", p."ImageUrl", p."IsExportReady", p."IsOrganic", p."PricePerKg", p."Status", p."Unit", p."UpdatedAt", p."Variety", p."VegetableName"
          FROM "Products" AS p
          ORDER BY p."CreatedAt" DESC
          LIMIT @__p_1 OFFSET @__p_0
      ) AS p0
      INNER JOIN "Users" AS u ON p0."FarmerId" = u."Id"
      ORDER BY p0."CreatedAt" DESC
info: Microsoft.EntityFrameworkCore.Database.Command[20101]
      Executed DbCommand (1ms) [Parameters=[@__p_0='?' (DbType = Int32)], CommandType='Text', CommandTimeout='30']
      SELECT p."Id", p."AvailableQuantityKg", p."CertificationUrl", p."CreatedAt", p."Description", p."District", p."ExpiryDate", p."FarmerId", p."Grade", p."HarvestDate", p."ImageUrl", p."IsExportReady", p."IsOrganic", p."PricePerKg", p."Status", p."Unit", p."UpdatedAt", p."Variety", p."VegetableName"
      FROM "Products" AS p
      WHERE p."Id" = @__p_0
      LIMIT 1
info: Microsoft.EntityFrameworkCore.Database.Command[20101]
      Executed DbCommand (2ms) [Parameters=[@p0='?' (DbType = Int32)], CommandType='Text', CommandTimeout='30']
      DELETE FROM "Products"
      WHERE "Id" = @p0;
info: Microsoft.EntityFrameworkCore.Database.Command[20101]
      Executed DbCommand (0ms) [Parameters=[], CommandType='Text', CommandTimeout='30']
      SELECT count(*)::int
      FROM "Products" AS p
info: Microsoft.EntityFrameworkCore.Database.Command[20101]
      Executed DbCommand (1ms) [Parameters=[], CommandType='Text', CommandTimeout='30']
      SELECT p."Id", p."AvailableQuantityKg", p."CertificationUrl", p."CreatedAt", p."Description", p."District", p."ExpiryDate", p."FarmerId", p."Grade", p."HarvestDate", p."ImageUrl", p."IsExportReady", p."IsOrganic", p."PricePerKg", p."Status", p."Unit", p."UpdatedAt", p."Variety", p."VegetableName", u."Id", u."Address", u."CompanyName", u."CreatedAt", u."District", u."Email", u."FarmerIdProofUrl", u."FullName", u."IsActive", u."IsVerified", u."PasswordHash", u."PhoneNumber", u."ProfileImageUrl", u."Role", u."UpdatedAt"
      FROM "Products" AS p
      INNER JOIN "Users" AS u ON p."FarmerId" = u."Id"
      WHERE p."Status" = 'Pending'
      ORDER BY p."CreatedAt"
info: Microsoft.EntityFrameworkCore.Database.Command[20101]
      Executed DbCommand (1ms) [Parameters=[@__p_1='?' (DbType = Int32), @__p_0='?' (DbType = Int32)], CommandType='Text', CommandTimeout='30']
      SELECT p0."Id", p0."AvailableQuantityKg", p0."CertificationUrl", p0."CreatedAt", p0."Description", p0."District", p0."ExpiryDate", p0."FarmerId", p0."Grade", p0."HarvestDate", p0."ImageUrl", p0."IsExportReady", p0."IsOrganic", p0."PricePerKg", p0."Status", p0."Unit", p0."UpdatedAt", p0."Variety", p0."VegetableName", u."Id", u."Address", u."CompanyName", u."CreatedAt", u."District", u."Email", u."FarmerIdProofUrl", u."FullName", u."IsActive", u."IsVerified", u."PasswordHash", u."PhoneNumber", u."ProfileImageUrl", u."Role", u."UpdatedAt"
      FROM (
          SELECT p."Id", p."AvailableQuantityKg", p."CertificationUrl", p."CreatedAt", p."Description", p."District", p."ExpiryDate", p."FarmerId", p."Grade", p."HarvestDate", p."ImageUrl", p."IsExportReady", p."IsOrganic", p."PricePerKg", p."Status", p."Unit", p."UpdatedAt", p."Variety", p."VegetableName"
          FROM "Products" AS p
          ORDER BY p."CreatedAt" DESC
          LIMIT @__p_1 OFFSET @__p_0
      ) AS p0
      INNER JOIN "Users" AS u ON p0."FarmerId" = u."Id"
      ORDER BY p0."CreatedAt" DESC
info: Microsoft.EntityFrameworkCore.Database.Command[20101]
      Executed DbCommand (1ms) [Parameters=[@__p_0='?' (DbType = Int32)], CommandType='Text', CommandTimeout='30']
      SELECT p."Id", p."AvailableQuantityKg", p."CertificationUrl", p."CreatedAt", p."Description", p."District", p."ExpiryDate", p."FarmerId", p."Grade", p."HarvestDate", p."ImageUrl", p."IsExportReady", p."IsOrganic", p."PricePerKg", p."Status", p."Unit", p."UpdatedAt", p."Variety", p."VegetableName"
      FROM "Products" AS p
      WHERE p."Id" = @__p_0
      LIMIT 1
info: Microsoft.EntityFrameworkCore.Database.Command[20101]
      Executed DbCommand (1ms) [Parameters=[@p0='?' (DbType = Int32)], CommandType='Text', CommandTimeout='30']
      DELETE FROM "Products"
      WHERE "Id" = @p0;
info: Microsoft.EntityFrameworkCore.Database.Command[20101]
      Executed DbCommand (1ms) [Parameters=[], CommandType='Text', CommandTimeout='30']
      SELECT count(*)::int
      FROM "Products" AS p
info: Microsoft.EntityFrameworkCore.Database.Command[20101]
      Executed DbCommand (1ms) [Parameters=[], CommandType='Text', CommandTimeout='30']
      SELECT p."Id", p."AvailableQuantityKg", p."CertificationUrl", p."CreatedAt", p."Description", p."District", p."ExpiryDate", p."FarmerId", p."Grade", p."HarvestDate", p."ImageUrl", p."IsExportReady", p."IsOrganic", p."PricePerKg", p."Status", p."Unit", p."UpdatedAt", p."Variety", p."VegetableName", u."Id", u."Address", u."CompanyName", u."CreatedAt", u."District", u."Email", u."FarmerIdProofUrl", u."FullName", u."IsActive", u."IsVerified", u."PasswordHash", u."PhoneNumber", u."ProfileImageUrl", u."Role", u."UpdatedAt"
      FROM "Products" AS p
      INNER JOIN "Users" AS u ON p."FarmerId" = u."Id"
      WHERE p."Status" = 'Pending'
      ORDER BY p."CreatedAt"
info: Microsoft.EntityFrameworkCore.Database.Command[20101]
      Executed DbCommand (1ms) [Parameters=[@__p_1='?' (DbType = Int32), @__p_0='?' (DbType = Int32)], CommandType='Text', CommandTimeout='30']
      SELECT p0."Id", p0."AvailableQuantityKg", p0."CertificationUrl", p0."CreatedAt", p0."Description", p0."District", p0."ExpiryDate", p0."FarmerId", p0."Grade", p0."HarvestDate", p0."ImageUrl", p0."IsExportReady", p0."IsOrganic", p0."PricePerKg", p0."Status", p0."Unit", p0."UpdatedAt", p0."Variety", p0."VegetableName", u."Id", u."Address", u."CompanyName", u."CreatedAt", u."District", u."Email", u."FarmerIdProofUrl", u."FullName", u."IsActive", u."IsVerified", u."PasswordHash", u."PhoneNumber", u."ProfileImageUrl", u."Role", u."UpdatedAt"
      FROM (
          SELECT p."Id", p."AvailableQuantityKg", p."CertificationUrl", p."CreatedAt", p."Description", p."District", p."ExpiryDate", p."FarmerId", p."Grade", p."HarvestDate", p."ImageUrl", p."IsExportReady", p."IsOrganic", p."PricePerKg", p."Status", p."Unit", p."UpdatedAt", p."Variety", p."VegetableName"
          FROM "Products" AS p
          ORDER BY p."CreatedAt" DESC
          LIMIT @__p_1 OFFSET @__p_0
      ) AS p0
      INNER JOIN "Users" AS u ON p0."FarmerId" = u."Id"
      ORDER BY p0."CreatedAt" DESC
info: Microsoft.EntityFrameworkCore.Database.Command[20101]
      Executed DbCommand (3ms) [Parameters=[@__dto_Email_0='?'], CommandType='Text', CommandTimeout='30']
      SELECT u."Id", u."Address", u."CompanyName", u."CreatedAt", u."District", u."Email", u."FarmerIdProofUrl", u."FullName", u."IsActive", u."IsVerified", u."PasswordHash", u."PhoneNumber", u."ProfileImageUrl", u."Role", u."UpdatedAt"
      FROM "Users" AS u
      WHERE u."Email" = @__dto_Email_0
      LIMIT 1
info: Microsoft.EntityFrameworkCore.Database.Command[20101]
      Executed DbCommand (1ms) [Parameters=[@__userId_0='?' (DbType = Int32)], CommandType='Text', CommandTimeout='30']
      SELECT p."Id", p."AvailableQuantityKg", p."CertificationUrl", p."CreatedAt", p."Description", p."District", p."ExpiryDate", p."FarmerId", p."Grade", p."HarvestDate", p."ImageUrl", p."IsExportReady", p."IsOrganic", p."PricePerKg", p."Status", p."Unit", p."UpdatedAt", p."Variety", p."VegetableName", u."Id", u."Address", u."CompanyName", u."CreatedAt", u."District", u."Email", u."FarmerIdProofUrl", u."FullName", u."IsActive", u."IsVerified", u."PasswordHash", u."PhoneNumber", u."ProfileImageUrl", u."Role", u."UpdatedAt"
      FROM "Products" AS p
      INNER JOIN "Users" AS u ON p."FarmerId" = u."Id"
      WHERE p."FarmerId" = @__userId_0
      ORDER BY p."CreatedAt" DESC
info: Microsoft.EntityFrameworkCore.Database.Command[20101]
      Executed DbCommand (0ms) [Parameters=[@__userId_0='?' (DbType = Int32)], CommandType='Text', CommandTimeout='30']
      SELECT p."Id", p."AvailableQuantityKg", p."CertificationUrl", p."CreatedAt", p."Description", p."District", p."ExpiryDate", p."FarmerId", p."Grade", p."HarvestDate", p."ImageUrl", p."IsExportReady", p."IsOrganic", p."PricePerKg", p."Status", p."Unit", p."UpdatedAt", p."Variety", p."VegetableName", u."Id", u."Address", u."CompanyName", u."CreatedAt", u."District", u."Email", u."FarmerIdProofUrl", u."FullName", u."IsActive", u."IsVerified", u."PasswordHash", u."PhoneNumber", u."ProfileImageUrl", u."Role", u."UpdatedAt"
      FROM "Products" AS p
      INNER JOIN "Users" AS u ON p."FarmerId" = u."Id"
      WHERE p."FarmerId" = @__userId_0
      ORDER BY p."CreatedAt" DESC
info: Microsoft.EntityFrameworkCore.Database.Command[20101]
      Executed DbCommand (0ms) [Parameters=[@__p_0='?' (DbType = Int32)], CommandType='Text', CommandTimeout='30']
      SELECT u."Id", u."Address", u."CompanyName", u."CreatedAt", u."District", u."Email", u."FarmerIdProofUrl", u."FullName", u."IsActive", u."IsVerified", u."PasswordHash", u."PhoneNumber", u."ProfileImageUrl", u."Role", u."UpdatedAt"
      FROM "Users" AS u
      WHERE u."Id" = @__p_0
      LIMIT 1
info: AgriLink.API.Services.CloudinaryService[0]
      File uploaded successfully to: /uploads/products/49d0bad8-c96c-4d07-85f6-5244e104b8b1.jpeg
info: Microsoft.EntityFrameworkCore.Database.Command[20101]
      Executed DbCommand (2ms) [Parameters=[@p0='?' (DbType = Decimal), @p1='?', @p2='?' (DbType = DateTime), @p3='?', @p4='?', @p5='?' (DbType = DateTime), @p6='?' (DbType = Int32), @p7='?', @p8='?' (DbType = DateTime), @p9='?', @p10='?' (DbType = Boolean), @p11='?' (DbType = Decimal), @p12='?', @p13='?', @p14='?' (DbType = DateTime), @p15='?', @p16='?'], CommandType='Text', CommandTimeout='30']
      INSERT INTO "Products" ("AvailableQuantityKg", "CertificationUrl", "CreatedAt", "Description", "District", "ExpiryDate", "FarmerId", "Grade", "HarvestDate", "ImageUrl", "IsOrganic", "PricePerKg", "Status", "Unit", "UpdatedAt", "Variety", "VegetableName")
      VALUES (@p0, @p1, @p2, @p3, @p4, @p5, @p6, @p7, @p8, @p9, @p10, @p11, @p12, @p13, @p14, @p15, @p16)
      RETURNING "Id", "IsExportReady";
info: Microsoft.EntityFrameworkCore.Database.Command[20101]
      Executed DbCommand (0ms) [Parameters=[@__p_0='?' (DbType = Int32)], CommandType='Text', CommandTimeout='30']
      SELECT u."Id", u."Address", u."CompanyName", u."CreatedAt", u."District", u."Email", u."FarmerIdProofUrl", u."FullName", u."IsActive", u."IsVerified", u."PasswordHash", u."PhoneNumber", u."ProfileImageUrl", u."Role", u."UpdatedAt"
      FROM "Users" AS u
      WHERE u."Id" = @__p_0
      LIMIT 1
info: Microsoft.EntityFrameworkCore.Database.Command[20101]
      Executed DbCommand (1ms) [Parameters=[@__userId_0='?' (DbType = Int32)], CommandType='Text', CommandTimeout='30']
      SELECT p."Id", p."AvailableQuantityKg", p."CertificationUrl", p."CreatedAt", p."Description", p."District", p."ExpiryDate", p."FarmerId", p."Grade", p."HarvestDate", p."ImageUrl", p."IsExportReady", p."IsOrganic", p."PricePerKg", p."Status", p."Unit", p."UpdatedAt", p."Variety", p."VegetableName", u."Id", u."Address", u."CompanyName", u."CreatedAt", u."District", u."Email", u."FarmerIdProofUrl", u."FullName", u."IsActive", u."IsVerified", u."PasswordHash", u."PhoneNumber", u."ProfileImageUrl", u."Role", u."UpdatedAt"
      FROM "Products" AS p
      INNER JOIN "Users" AS u ON p."FarmerId" = u."Id"
      WHERE p."FarmerId" = @__userId_0
      ORDER BY p."CreatedAt" DESC
info: Microsoft.EntityFrameworkCore.Database.Command[20101]
      Executed DbCommand (0ms) [Parameters=[@__userId_0='?' (DbType = Int32)], CommandType='Text', CommandTimeout='30']
      SELECT p."Id", p."AvailableQuantityKg", p."CertificationUrl", p."CreatedAt", p."Description", p."District", p."ExpiryDate", p."FarmerId", p."Grade", p."HarvestDate", p."ImageUrl", p."IsExportReady", p."IsOrganic", p."PricePerKg", p."Status", p."Unit", p."UpdatedAt", p."Variety", p."VegetableName", u."Id", u."Address", u."CompanyName", u."CreatedAt", u."District", u."Email", u."FarmerIdProofUrl", u."FullName", u."IsActive", u."IsVerified", u."PasswordHash", u."PhoneNumber", u."ProfileImageUrl", u."Role", u."UpdatedAt"
      FROM "Products" AS p
      INNER JOIN "Users" AS u ON p."FarmerId" = u."Id"
      WHERE p."FarmerId" = @__userId_0
      ORDER BY p."CreatedAt" DESC
info: Microsoft.EntityFrameworkCore.Database.Command[20101]
      Executed DbCommand (5ms) [Parameters=[@__p_0='?' (DbType = Int32)], CommandType='Text', CommandTimeout='30']
      SELECT u."Id", u."Address", u."CompanyName", u."CreatedAt", u."District", u."Email", u."FarmerIdProofUrl", u."FullName", u."IsActive", u."IsVerified", u."PasswordHash", u."PhoneNumber", u."ProfileImageUrl", u."Role", u."UpdatedAt"
      FROM "Users" AS u
      WHERE u."Id" = @__p_0
      LIMIT 1
info: AgriLink.API.Services.CloudinaryService[0]
      File uploaded successfully to: /uploads/products/bc4cb7cf-b2fc-4dbc-ac56-bf3c096b497d.jpeg
info: Microsoft.EntityFrameworkCore.Database.Command[20101]
      Executed DbCommand (4ms) [Parameters=[@p0='?' (DbType = Decimal), @p1='?', @p2='?' (DbType = DateTime), @p3='?', @p4='?', @p5='?' (DbType = DateTime), @p6='?' (DbType = Int32), @p7='?', @p8='?' (DbType = DateTime), @p9='?', @p10='?' (DbType = Boolean), @p11='?' (DbType = Decimal), @p12='?', @p13='?', @p14='?' (DbType = DateTime), @p15='?', @p16='?'], CommandType='Text', CommandTimeout='30']
      INSERT INTO "Products" ("AvailableQuantityKg", "CertificationUrl", "CreatedAt", "Description", "District", "ExpiryDate", "FarmerId", "Grade", "HarvestDate", "ImageUrl", "IsOrganic", "PricePerKg", "Status", "Unit", "UpdatedAt", "Variety", "VegetableName")
      VALUES (@p0, @p1, @p2, @p3, @p4, @p5, @p6, @p7, @p8, @p9, @p10, @p11, @p12, @p13, @p14, @p15, @p16)
      RETURNING "Id", "IsExportReady";
info: Microsoft.EntityFrameworkCore.Database.Command[20101]
      Executed DbCommand (0ms) [Parameters=[@__p_0='?' (DbType = Int32)], CommandType='Text', CommandTimeout='30']
      SELECT u."Id", u."Address", u."CompanyName", u."CreatedAt", u."District", u."Email", u."FarmerIdProofUrl", u."FullName", u."IsActive", u."IsVerified", u."PasswordHash", u."PhoneNumber", u."ProfileImageUrl", u."Role", u."UpdatedAt"
      FROM "Users" AS u
      WHERE u."Id" = @__p_0
      LIMIT 1
info: Microsoft.EntityFrameworkCore.Database.Command[20101]
      Executed DbCommand (2ms) [Parameters=[@__userId_0='?' (DbType = Int32)], CommandType='Text', CommandTimeout='30']
      SELECT p."Id", p."AvailableQuantityKg", p."CertificationUrl", p."CreatedAt", p."Description", p."District", p."ExpiryDate", p."FarmerId", p."Grade", p."HarvestDate", p."ImageUrl", p."IsExportReady", p."IsOrganic", p."PricePerKg", p."Status", p."Unit", p."UpdatedAt", p."Variety", p."VegetableName", u."Id", u."Address", u."CompanyName", u."CreatedAt", u."District", u."Email", u."FarmerIdProofUrl", u."FullName", u."IsActive", u."IsVerified", u."PasswordHash", u."PhoneNumber", u."ProfileImageUrl", u."Role", u."UpdatedAt"
      FROM "Products" AS p
      INNER JOIN "Users" AS u ON p."FarmerId" = u."Id"
      WHERE p."FarmerId" = @__userId_0
      ORDER BY p."CreatedAt" DESC
info: Microsoft.EntityFrameworkCore.Database.Command[20101]
      Executed DbCommand (1ms) [Parameters=[@__userId_0='?' (DbType = Int32)], CommandType='Text', CommandTimeout='30']
      SELECT p."Id", p."AvailableQuantityKg", p."CertificationUrl", p."CreatedAt", p."Description", p."District", p."ExpiryDate", p."FarmerId", p."Grade", p."HarvestDate", p."ImageUrl", p."IsExportReady", p."IsOrganic", p."PricePerKg", p."Status", p."Unit", p."UpdatedAt", p."Variety", p."VegetableName", u."Id", u."Address", u."CompanyName", u."CreatedAt", u."District", u."Email", u."FarmerIdProofUrl", u."FullName", u."IsActive", u."IsVerified", u."PasswordHash", u."PhoneNumber", u."ProfileImageUrl", u."Role", u."UpdatedAt"
      FROM "Products" AS p
      INNER JOIN "Users" AS u ON p."FarmerId" = u."Id"
      WHERE p."FarmerId" = @__userId_0
      ORDER BY p."CreatedAt" DESC
info: Microsoft.EntityFrameworkCore.Database.Command[20101]
      Executed DbCommand (1ms) [Parameters=[@__p_0='?' (DbType = Int32)], CommandType='Text', CommandTimeout='30']
      SELECT u."Id", u."Address", u."CompanyName", u."CreatedAt", u."District", u."Email", u."FarmerIdProofUrl", u."FullName", u."IsActive", u."IsVerified", u."PasswordHash", u."PhoneNumber", u."ProfileImageUrl", u."Role", u."UpdatedAt"
      FROM "Users" AS u
      WHERE u."Id" = @__p_0
      LIMIT 1
info: Microsoft.EntityFrameworkCore.Database.Command[20101]
      Executed DbCommand (1ms) [Parameters=[@__p_0='?' (DbType = Int32)], CommandType='Text', CommandTimeout='30']
      SELECT u."Id", u."Address", u."CompanyName", u."CreatedAt", u."District", u."Email", u."FarmerIdProofUrl", u."FullName", u."IsActive", u."IsVerified", u."PasswordHash", u."PhoneNumber", u."ProfileImageUrl", u."Role", u."UpdatedAt"
      FROM "Users" AS u
      WHERE u."Id" = @__p_0
      LIMIT 1
info: Microsoft.EntityFrameworkCore.Database.Command[20101]
      Executed DbCommand (5ms) [Parameters=[@__userId_0='?' (DbType = Int32)], CommandType='Text', CommandTimeout='30']
      SELECT p."Id", p."AvailableQuantityKg", p."CertificationUrl", p."CreatedAt", p."Description", p."District", p."ExpiryDate", p."FarmerId", p."Grade", p."HarvestDate", p."ImageUrl", p."IsExportReady", p."IsOrganic", p."PricePerKg", p."Status", p."Unit", p."UpdatedAt", p."Variety", p."VegetableName", u."Id", u."Address", u."CompanyName", u."CreatedAt", u."District", u."Email", u."FarmerIdProofUrl", u."FullName", u."IsActive", u."IsVerified", u."PasswordHash", u."PhoneNumber", u."ProfileImageUrl", u."Role", u."UpdatedAt"
      FROM "Products" AS p
      INNER JOIN "Users" AS u ON p."FarmerId" = u."Id"
      WHERE p."FarmerId" = @__userId_0
      ORDER BY p."CreatedAt" DESC
info: Microsoft.EntityFrameworkCore.Database.Command[20101]
      Executed DbCommand (14ms) [Parameters=[@__userId_0='?' (DbType = Int32)], CommandType='Text', CommandTimeout='30']
      SELECT p."Id", p."AvailableQuantityKg", p."CertificationUrl", p."CreatedAt", p."Description", p."District", p."ExpiryDate", p."FarmerId", p."Grade", p."HarvestDate", p."ImageUrl", p."IsExportReady", p."IsOrganic", p."PricePerKg", p."Status", p."Unit", p."UpdatedAt", p."Variety", p."VegetableName", u."Id", u."Address", u."CompanyName", u."CreatedAt", u."District", u."Email", u."FarmerIdProofUrl", u."FullName", u."IsActive", u."IsVerified", u."PasswordHash", u."PhoneNumber", u."ProfileImageUrl", u."Role", u."UpdatedAt"
      FROM "Products" AS p
      INNER JOIN "Users" AS u ON p."FarmerId" = u."Id"
      WHERE p."FarmerId" = @__userId_0
      ORDER BY p."CreatedAt" DESC
info: Microsoft.EntityFrameworkCore.Database.Command[20101]
      Executed DbCommand (1ms) [Parameters=[@__userId_0='?' (DbType = Int32)], CommandType='Text', CommandTimeout='30']
      SELECT p."Id", p."AvailableQuantityKg", p."CertificationUrl", p."CreatedAt", p."Description", p."District", p."ExpiryDate", p."FarmerId", p."Grade", p."HarvestDate", p."ImageUrl", p."IsExportReady", p."IsOrganic", p."PricePerKg", p."Status", p."Unit", p."UpdatedAt", p."Variety", p."VegetableName", u."Id", u."Address", u."CompanyName", u."CreatedAt", u."District", u."Email", u."FarmerIdProofUrl", u."FullName", u."IsActive", u."IsVerified", u."PasswordHash", u."PhoneNumber", u."ProfileImageUrl", u."Role", u."UpdatedAt"
      FROM "Products" AS p
      INNER JOIN "Users" AS u ON p."FarmerId" = u."Id"
      WHERE p."FarmerId" = @__userId_0
      ORDER BY p."CreatedAt" DESC
info: Microsoft.EntityFrameworkCore.Database.Command[20101]
      Executed DbCommand (18ms) [Parameters=[@__p_0='?' (DbType = Int32)], CommandType='Text', CommandTimeout='30']
      SELECT u."Id", u."Address", u."CompanyName", u."CreatedAt", u."District", u."Email", u."FarmerIdProofUrl", u."FullName", u."IsActive", u."IsVerified", u."PasswordHash", u."PhoneNumber", u."ProfileImageUrl", u."Role", u."UpdatedAt"
      FROM "Users" AS u
      WHERE u."Id" = @__p_0
      LIMIT 1
info: Microsoft.EntityFrameworkCore.Database.Command[20101]
      Executed DbCommand (1ms) [Parameters=[@__userId_0='?' (DbType = Int32)], CommandType='Text', CommandTimeout='30']
      SELECT p."Id", p."AvailableQuantityKg", p."CertificationUrl", p."CreatedAt", p."Description", p."District", p."ExpiryDate", p."FarmerId", p."Grade", p."HarvestDate", p."ImageUrl", p."IsExportReady", p."IsOrganic", p."PricePerKg", p."Status", p."Unit", p."UpdatedAt", p."Variety", p."VegetableName", u."Id", u."Address", u."CompanyName", u."CreatedAt", u."District", u."Email", u."FarmerIdProofUrl", u."FullName", u."IsActive", u."IsVerified", u."PasswordHash", u."PhoneNumber", u."ProfileImageUrl", u."Role", u."UpdatedAt"
      FROM "Products" AS p
      INNER JOIN "Users" AS u ON p."FarmerId" = u."Id"
      WHERE p."FarmerId" = @__userId_0
      ORDER BY p."CreatedAt" DESC
info: Microsoft.EntityFrameworkCore.Database.Command[20101]
      Executed DbCommand (0ms) [Parameters=[@__userId_0='?' (DbType = Int32)], CommandType='Text', CommandTimeout='30']
      SELECT p."Id", p."AvailableQuantityKg", p."CertificationUrl", p."CreatedAt", p."Description", p."District", p."ExpiryDate", p."FarmerId", p."Grade", p."HarvestDate", p."ImageUrl", p."IsExportReady", p."IsOrganic", p."PricePerKg", p."Status", p."Unit", p."UpdatedAt", p."Variety", p."VegetableName", u."Id", u."Address", u."CompanyName", u."CreatedAt", u."District", u."Email", u."FarmerIdProofUrl", u."FullName", u."IsActive", u."IsVerified", u."PasswordHash", u."PhoneNumber", u."ProfileImageUrl", u."Role", u."UpdatedAt"
      FROM "Products" AS p
      INNER JOIN "Users" AS u ON p."FarmerId" = u."Id"
      WHERE p."FarmerId" = @__userId_0
      ORDER BY p."CreatedAt" DESC
info: Microsoft.EntityFrameworkCore.Database.Command[20101]
      Executed DbCommand (0ms) [Parameters=[@__p_0='?' (DbType = Int32)], CommandType='Text', CommandTimeout='30']
      SELECT u."Id", u."Address", u."CompanyName", u."CreatedAt", u."District", u."Email", u."FarmerIdProofUrl", u."FullName", u."IsActive", u."IsVerified", u."PasswordHash", u."PhoneNumber", u."ProfileImageUrl", u."Role", u."UpdatedAt"
      FROM "Users" AS u
      WHERE u."Id" = @__p_0
      LIMIT 1
info: Microsoft.Hosting.Lifetime[0]
      Application is shutting down...
